.next/types/app/api/chat/route.ts(12,13): error TS2344: Type 'OmitWithTag<typeof import("C:/Users/Vedhant/OneDrive/Desktop/GSSOC/CONTRIBUTION 4/Editron/app/api/chat/route"), "dynamic" | "GET" | "POST" | "config" | "runtime" | "generateStaticParams" | ... 9 more ... | "PATCH", "">' does not satisfy the constraint '{ [x: string]: never; }'.
  Property 'tools' is incompatible with index signature.
    Type '{ read_file: Tool<{ path: string; }, never>; edit_file: Tool<{ path: string; content: string; }, never>; edit_multiple_files: Tool<{ changes: { path: string; content: string; }[]; }, never>; delete_file: Tool<...>; }' is not assignable to type 'never'.
app/api/chat.test.ts(18,52): error TS2339: Property 'safeParse' does not exist on type 'FlexibleSchema<{ path: string; content: string; }>'.
  Property 'safeParse' does not exist on type 'Schema<{ path: string; content: string; }>'.
app/api/chat.test.ts(24,52): error TS2339: Property 'safeParse' does not exist on type 'FlexibleSchema<{ path: string; content: string; }>'.
  Property 'safeParse' does not exist on type 'Schema<{ path: string; content: string; }>'.
app/api/chat.test.ts(27,50): error TS7006: Parameter 'i' implicitly has an 'any' type.
app/api/chat.test.ts(34,52): error TS2339: Property 'safeParse' does not exist on type 'FlexibleSchema<{ path: string; content: string; }>'.
  Property 'safeParse' does not exist on type 'Schema<{ path: string; content: string; }>'.
app/api/chat.test.ts(41,62): error TS2339: Property 'safeParse' does not exist on type 'FlexibleSchema<{ changes: { path: string; content: string; }[]; }>'.
  Property 'safeParse' does not exist on type 'Schema<{ changes: { path: string; content: string; }[]; }>'.
app/api/chat/route.ts(222,52): error TS2345: Argument of type 'ChatMessage[]' is not assignable to parameter of type 'Omit<UIMessage<unknown, UIDataTypes, UITools>, "id">[]'.
  Type 'ChatMessage' is not assignable to type 'Omit<UIMessage<unknown, UIDataTypes, UITools>, "id">'.
    Types of property 'parts' are incompatible.
      Type 'MessagePart[] | undefined' is not assignable to type 'UIMessagePart<UIDataTypes, UITools>[]'.
        Type 'undefined' is not assignable to type 'UIMessagePart<UIDataTypes, UITools>[]'.
app/dashboard/page.tsx(93,17): error TS2322: Type '(id: string) => Promise<{ id: string; createdAt: Date; updatedAt: Date; userId: string; title: string; description: string | null; template: $Enums.Templates; collaborationEnabled: boolean; }>' is not assignable to type '(id: string) => Promise<void>'.
  Type 'Promise<{ id: string; createdAt: Date; updatedAt: Date; userId: string; title: string; description: string | null; template: Templates; collaborationEnabled: boolean; }>' is not assignable to type 'Promise<void>'.
    Type '{ id: string; createdAt: Date; updatedAt: Date; userId: string; title: string; description: string | null; template: Templates; collaborationEnabled: boolean; }' is not assignable to type 'void'.
app/playground/[id]/page.tsx(21,3): error TS2578: Unused '@ts-expect-error' directive.
auth.config.ts(3,15): error TS2305: Module '"next-auth"' has no exported member 'NextAuthConfig'.
auth.ts(2,24): error TS2305: Module '"next-auth"' has no exported member 'Account'.
auth.ts(2,33): error TS2305: Module '"next-auth"' has no exported member 'User'.
auth.ts(15,52): error TS2349: This expression is not callable.
  Type 'typeof import("C:/Users/Vedhant/OneDrive/Desktop/GSSOC/CONTRIBUTION 4/Editron/next-auth")' has no call signatures.
auth.ts(20,20): error TS7031: Binding element 'user' implicitly has an 'any' type.
auth.ts(20,26): error TS7031: Binding element 'account' implicitly has an 'any' type.
middleware.ts(12,18): error TS2349: This expression is not callable.
  Type 'typeof import("C:/Users/Vedhant/OneDrive/Desktop/GSSOC/CONTRIBUTION 4/Editron/next-auth")' has no call signatures.
modules/playground/components/MainPlaygroundPage.tsx(22,3): error TS2578: Unused '@ts-expect-error' directive.
modules/webcontainers/components/terminal.tsx(14,15): error TS2305: Module '"@webcontainer/api"' has no exported member 'WebContainer'.
modules/webcontainers/components/terminal.tsx(14,29): error TS2305: Module '"@webcontainer/api"' has no exported member 'WebContainerProcess'.
modules/webcontainers/components/webcontainer-preview.tsx(24,10): error TS2305: Module '"@webcontainer/api"' has no exported member 'WebContainer'.
modules/webcontainers/components/webcontainer-preview.tsx(939,23): error TS2304: Cannot find name 'isLoading'.
modules/webcontainers/hooks/useWebContainer.ts(2,10): error TS2305: Module '"@webcontainer/api"' has no exported member 'WebContainer'.
